
> property-onboarding-frontend@1.0.0 dev
> vite --port 5174


  VITE v5.4.21  ready in 298 ms

  ➜  Local:   http://localhost:5174/
  ➜  Network: use --host to expose
11:10:36 PM [vite] hmr update /src/App.vue
11:10:36 PM [vite] hmr update /src/App.vue
11:10:38 PM [vite] hmr update /src/App.vue
11:10:39 PM [vite] hmr update /src/App.vue
11:11:00 PM [vite] hmr update /src/components/ProductSection.vue
11:11:08 PM [vite] hmr update /src/components/ProductSection.vue
11:11:11 PM [vite] hmr update /src/components/ProductSection.vue
11:11:12 PM [vite] hmr update /src/components/ProductSection.vue
11:11:14 PM [vite] hmr update /src/components/ProductSection.vue
11:11:20 PM [vite] hmr update /src/components/ProductSection.vue
11:11:21 PM [vite] hmr update /src/components/ProductSection.vue
11:11:23 PM [vite] hmr update /src/components/ProductSection.vue
11:11:29 PM [vite] hmr update /src/components/ProductSection.vue
11:11:32 PM [vite] hmr update /src/components/ProductSection.vue
11:11:48 PM [vite] hmr update /src/components/ProductSection.vue
11:12:04 PM [vite] hmr update /src/components/ProductSection.vue
11:12:05 PM [vite] hmr update /src/components/ProductSection.vue
11:12:07 PM [vite] hmr update /src/components/ProductSection.vue
11:12:31 PM [vite] hmr update /src/components/ProductSection.vue
10:50:54 AM [vite] hmr update /src/components/ProductSection.vue
10:51:01 AM [vite] hmr update /src/components/ProductSection.vue
10:51:06 AM [vite] hmr update /src/components/ProductSection.vue
10:51:09 AM [vite] hmr update /src/components/ProductSection.vue
10:51:13 AM [vite] hmr update /src/components/ProductSection.vue
10:51:15 AM [vite] hmr update /src/components/ProductSection.vue
10:51:29 AM [vite] hmr update /src/components/ProductSection.vue
10:51:41 AM [vite] hmr update /src/components/ProductSection.vue
10:51:48 AM [vite] hmr update /src/components/ProductSection.vue
10:52:15 AM [vite] hmr update /src/components/ProductSection.vue
11:03:01 AM [vite] hmr update /src/components/ProductSection.vue
11:03:03 AM [vite] hmr update /src/components/ProductSection.vue
11:03:23 AM [vite] hmr update /src/components/ProductSection.vue
11:06:47 AM [vite] hmr update /src/components/ProductSection.vue
11:07:07 AM [vite] hmr update /src/components/ProductSection.vue
11:07:10 AM [vite] hmr update /src/components/ProductSection.vue
11:09:19 AM [vite] hmr update /src/components/ProductSection.vue
11:09:22 AM [vite] hmr update /src/components/ProductSection.vue
11:09:24 AM [vite] hmr update /src/components/ProductSection.vue
11:09:36 AM [vite] hmr update /src/components/ProductSection.vue
11:09:53 AM [vite] hmr update /src/components/ProductSection.vue
11:10:15 AM [vite] hmr update /src/components/ProductSection.vue
11:14:11 AM [vite] hmr update /src/components/ProductSection.vue
11:14:29 AM [vite] hmr update /src/components/ProductSection.vue
12:14:03 PM [vite] hmr update /src/components/ProductSection.vue
12:14:08 PM [vite] hmr update /src/components/ProductSection.vue
12:14:15 PM [vite] hmr update /src/components/ProductSection.vue
12:14:25 PM [vite] hmr update /src/components/ProductSection.vue
12:14:35 PM [vite] hmr update /src/components/ProductSection.vue
12:14:52 PM [vite] hmr update /src/components/ProductSection.vue
12:15:07 PM [vite] hmr update /src/components/ProductSection.vue
1:23:20 PM [vite] hmr update /src/components/ProductSection.vue
1:23:52 PM [vite] hmr update /src/components/ProductSection.vue
1:27:20 PM [vite] hmr update /src/components/ProductSection.vue
1:27:46 PM [vite] hmr update /src/components/ProductSection.vue
1:40:23 PM [vite] hmr update /src/components/ProductSection.vue
1:40:47 PM [vite] hmr update /src/components/ProductSection.vue
2:02:07 PM [vite] hmr update /src/components/ProductSection.vue
2:13:13 PM [vite] hmr update /src/components/ProductSection.vue
2:25:32 PM [vite] hmr update /src/components/ProductSection.vue
2:25:47 PM [vite] hmr update /src/components/ProductSection.vue
2:25:59 PM [vite] hmr update /src/components/ProductSection.vue
2:26:15 PM [vite] hmr update /src/components/ProductSection.vue
3:26:03 PM [vite] hmr update /src/components/ProductSection.vue
3:26:09 PM [vite] hmr update /src/components/ProductSection.vue
3:26:12 PM [vite] hmr update /src/components/ProductSection.vue
3:26:15 PM [vite] hmr update /src/components/ProductSection.vue
3:26:34 PM [vite] hmr update /src/components/ProductSection.vue
3:27:12 PM [vite] hmr update /src/components/ProductSection.vue
3:32:19 PM [vite] hmr update /src/components/ProductSection.vue
3:32:24 PM [vite] hmr update /src/components/ProductSection.vue
3:32:27 PM [vite] hmr update /src/components/ProductSection.vue
3:32:32 PM [vite] hmr update /src/components/ProductSection.vue
3:32:36 PM [vite] hmr update /src/components/ProductSection.vue
3:32:38 PM [vite] hmr update /src/components/ProductSection.vue
3:32:43 PM [vite] hmr update /src/components/ProductSection.vue
3:32:48 PM [vite] hmr update /src/components/ProductSection.vue
3:32:49 PM [vite] hmr update /src/components/ProductSection.vue
3:32:52 PM [vite] hmr update /src/components/ProductSection.vue
3:33:02 PM [vite] hmr update /src/components/ProductSection.vue
3:33:15 PM [vite] hmr update /src/components/ProductSection.vue
3:33:28 PM [vite] hmr update /src/components/ProductSection.vue
3:33:31 PM [vite] hmr update /src/components/ProductSection.vue
3:42:27 PM [vite] hmr update /src/components/ProductSection.vue
3:42:29 PM [vite] hmr update /src/components/ProductSection.vue
3:42:31 PM [vite] hmr update /src/components/ProductSection.vue
3:42:34 PM [vite] hmr update /src/components/ProductSection.vue
3:42:37 PM [vite] hmr update /src/components/ProductSection.vue
3:42:41 PM [vite] hmr update /src/components/ProductSection.vue
3:46:28 PM [vite] hmr update /src/components/ProductSection.vue
3:46:33 PM [vite] hmr update /src/components/ProductSection.vue
3:46:43 PM [vite] hmr update /src/components/ProductSection.vue
3:46:51 PM [vite] hmr update /src/components/ProductSection.vue
3:47:08 PM [vite] hmr update /src/components/ProductSection.vue
3:47:14 PM [vite] hmr update /src/components/ProductSection.vue
5:06:37 PM [vite] hmr update /src/components/ProductRulesSection.vue
5:28:10 PM [vite] hmr update /src/components/ProductRulesSection.vue
5:28:20 PM [vite] hmr update /src/components/ProductRulesSection.vue
5:28:33 PM [vite] hmr update /src/components/ProductRulesSection.vue
5:28:48 PM [vite] hmr update /src/components/ProductRulesSection.vue
5:28:58 PM [vite] hmr update /src/components/ProductRulesSection.vue
5:29:00 PM [vite] hmr update /src/components/ProductRulesSection.vue
5:29:03 PM [vite] hmr update /src/components/ProductRulesSection.vue
5:29:06 PM [vite] hmr update /src/components/ProductRulesSection.vue
5:29:09 PM [vite] hmr update /src/components/ProductRulesSection.vue
5:29:11 PM [vite] hmr update /src/components/ProductRulesSection.vue
5:29:26 PM [vite] hmr update /src/components/ProductRulesSection.vue
5:42:08 PM [vite] hmr update /src/components/ProductRulesSection.vue
5:42:11 PM [vite] hmr update /src/components/ProductRulesSection.vue
5:42:18 PM [vite] hmr update /src/components/ProductRulesSection.vue
5:42:23 PM [vite] hmr update /src/components/ProductRulesSection.vue
5:42:26 PM [vite] hmr update /src/components/ProductRulesSection.vue
5:47:46 PM [vite] hmr update /src/components/CommissionSection.vue
5:47:48 PM [vite] hmr update /src/components/CommissionSection.vue
5:47:51 PM [vite] hmr update /src/components/CommissionSection.vue
5:47:52 PM [vite] hmr update /src/components/CommissionSection.vue
5:47:54 PM [vite] hmr update /src/components/CommissionSection.vue
5:48:03 PM [vite] hmr update /src/components/CommissionSection.vue
5:48:06 PM [vite] hmr update /src/components/CommissionSection.vue
5:48:19 PM [vite] hmr update /src/components/CommissionSection.vue
5:48:23 PM [vite] hmr update /src/components/CommissionSection.vue
5:48:26 PM [vite] hmr update /src/components/CommissionSection.vue
5:48:36 PM [vite] hmr update /src/components/CommissionSection.vue
5:48:47 PM [vite] hmr update /src/components/CommissionSection.vue
5:48:53 PM [vite] hmr update /src/components/CommissionSection.vue
5:49:02 PM [vite] hmr update /src/components/CommissionSection.vue
5:49:31 PM [vite] hmr update /src/components/CommissionSection.vue
5:53:49 PM [vite] hmr update /src/components/CommissionSection.vue
6:05:49 PM [vite] hmr update /src/components/CommissionSection.vue
10:51:51 AM [vite] hmr update /src/components/AddonsSection.vue
12:02:12 PM [vite] hmr update /src/components/AddonsSection.vue
12:50:05 PM [vite] hmr update /src/components/AddonsSection.vue
12:50:19 PM [vite] hmr update /src/components/AddonsSection.vue
12:56:19 PM [vite] hmr update /src/components/AddonsSection.vue
1:19:08 PM [vite] hmr update /src/components/AddonsSection.vue
1:19:28 PM [vite] hmr update /src/components/AddonsSection.vue
1:19:41 PM [vite] hmr update /src/components/AddonsSection.vue
1:20:05 PM [vite] hmr update /src/components/AddonsSection.vue
1:32:49 PM [vite] hmr update /src/components/AddonsSection.vue
1:32:55 PM [vite] hmr update /src/components/AddonsSection.vue
1:33:05 PM [vite] hmr update /src/components/AddonsSection.vue
1:33:11 PM [vite] hmr update /src/components/AddonsSection.vue
1:33:38 PM [vite] hmr update /src/components/AddonsSection.vue
1:33:46 PM [vite] hmr update /src/components/AddonsSection.vue
1:34:05 PM [vite] hmr update /src/components/AddonsSection.vue
1:34:38 PM [vite] hmr update /src/components/AddonsSection.vue
1:39:24 PM [vite] hmr update /src/components/AddonsSection.vue
1:43:02 PM [vite] hmr update /src/components/AddonsSection.vue
3:00:31 PM [vite] hmr update /src/components/TemplatesSection.vue
